// Jest Snapshot v1, https://goo.gl/fbAQLP

exports[`renders correctly 1`] = `
<div
  className="toggle toggle--off"
>
  <button
    onClick={[Function]}
  >
    Toggle Me
  </button>
</div>
`;
